HI-TECH Software C Compiler 

Linker command line:

--edf=C:\Program Files (x86)\HI-TECH Software\PICC\9.83\dat\en_msgs.txt -cs \
  -h+Leitura do controle 1.sym -z -Q16F1829 -ol.obj \
  -MLeitura do controle 1.map -E1 -ACONST=00h-0FFhx32 -ACODE=00h-07FFhx4 \
  -ASTRCODE=00h-01FFFh -AENTRY=00h-0FFhx32 -ASTRING=00h-0FFhx32 \
  -ABANK0=020h-06Fh -ABANK1=0A0h-0EFh -ABANK2=0120h-016Fh \
  -ABANK3=01A0h-01EFh -ABANK4=0220h-026Fh -ABANK5=02A0h-02EFh \
  -ABANK6=0320h-036Fh -ABANK7=03A0h-03EFh -ABANK8=0420h-046Fh \
  -ABANK9=04A0h-04EFh -ABANK10=0520h-056Fh -ABANK11=05A0h-05EFh \
  -ABANK12=0620h-064Fh -ABIGRAM=02000h-023EFh \
  -ARAM=020h-06Fh,0A0h-0EFh,0120h-016Fh,01A0h-01EFh,0220h-026Fh,02A0h-02EFh,0320h-036Fh,03A0h-03EFh,0420h-046Fh,04A0h-04EFh,0520h-056Fh,05A0h-05EFh,0620h-064Fh \
  -AABS1=020h-07Fh,0A0h-0EFh,0120h-016Fh,01A0h-01EFh,0220h-026Fh,02A0h-02EFh,0320h-036Fh,03A0h-03EFh,0420h-046Fh,04A0h-04EFh,0520h-056Fh,05A0h-05EFh,0620h-064Fh \
  -ACOMMON=070h-07Fh -ASFR0=00h-01Fh -ASFR1=080h-09Fh -ASFR2=0100h-011Fh \
  -ASFR3=0180h-019Fh -ASFR4=0200h-021Fh -ASFR5=0280h-029Fh \
  -ASFR6=0300h-031Fh -ASFR7=0380h-039Fh -ASFR8=0400h-041Fh \
  -ASFR9=0480h-049Fh -ASFR10=0500h-051Fh -ASFR11=0580h-059Fh \
  -ASFR12=0600h-061Fh -ASFR13=0680h-06EFh -ASFR14=0700h-076Fh \
  -ASFR15=0780h-07EFh -ASFR16=0800h-086Fh -ASFR17=0880h-08EFh \
  -ASFR18=0900h-096Fh -ASFR19=0980h-09EFh -ASFR20=0A00h-0A6Fh \
  -ASFR21=0A80h-0AEFh -ASFR22=0B00h-0B6Fh -ASFR23=0B80h-0BEFh \
  -ASFR24=0C00h-0C6Fh -ASFR25=0C80h-0CEFh -ASFR26=0D00h-0D6Fh \
  -ASFR27=0D80h-0DEFh -ASFR28=0E00h-0E6Fh -ASFR29=0E80h-0EEFh \
  -ASFR30=0F00h-0F6Fh -ASFR31=0F80h-0FEFh \
  -preset_vec=00h,intentry,init,end_init -ppowerup=CODE -pfunctab=CODE \
  -ACONFIG=08007h-08008h -pconfig=CONFIG -DCONFIG=2 -AIDLOC=08000h-08003h \
  -pidloc=IDLOC -DIDLOC=2 -AEEDATA=00h-0FFh/0F000h -peeprom_data=EEDATA \
  -DEEDATA=2 -DCODE=2 -DSTRCODE=2 -DSTRING=2 -DCONST=2 -DENTRY=2 -k \
  C:\Users\Eduardo\AppData\Local\Temp\shs.obj Leitura do controle 1.obj 

Object code version is 3.10

Machine type is 16F1829



                Name                               Link     Load   Length Selector   Space Scale
C:\Users\Eduardo\AppData\Local\Temp\shs.obj
                end_init                              2        2        3        0       0
                reset_vec                             0        0        2        0       0
Leitura do controle 1.obj
                config                             8007     8007        1    1000E       0
                text435                             106      106       27      20C       0
                text434                             40F      40F       6C      81E       0
                text433                             56F      56F      291      ADE       0
                text432                             343      343       63      686       0
                text431                             285      285       5F      50A       0
                text430                             2E4      2E4       5F      5C8       0
                text429                             12D      12D       56      25A       0
                text428                             183      183       56      306       0
                text427                             1D9      1D9       56      3B2       0
                text426                             22F      22F       56      45E       0
                text425                              A2       A2       19      144       0
                text424                              BB       BB       19      176       0
                text423                              D4       D4       19      1A8       0
                text422                              ED       ED       19      1DA       0
                text421                             47B      47B       75      8F6       0
                text420                             3A6      3A6       69      74C       0
                maintext                            4F0      4F0       7F      9E0       0
                cstackBANK0                          42       42        7       20       1
                cstackCOMMON                         70       70        D       70       1
                inittext                             77       77        6       EE       0
                clrtext                              7D       7D        6       FA       0
                dataBANK0                            3A       3A        8       20       1
                bssBANK0                             20       20       1A       20       1
                cinit                                8B       8B       17      116       0
                idataBANK0                           83       83        8      106       0

TOTAL           Name                               Link     Load   Length     Space
        CLASS   CONST          

        CLASS   CODE           
                end_init                              2        2        3         0
                reset_vec                             0        0        2         0
                text435                             106      106       27         0
                text434                             40F      40F       6C         0
                text433                             56F      56F      291         0
                text432                             343      343       63         0
                text431                             285      285       5F         0
                text430                             2E4      2E4       5F         0
                text429                             12D      12D       56         0
                text428                             183      183       56         0
                text427                             1D9      1D9       56         0
                text426                             22F      22F       56         0
                text425                              A2       A2       19         0
                text424                              BB       BB       19         0
                text423                              D4       D4       19         0
                text422                              ED       ED       19         0
                text421                             47B      47B       75         0
                text420                             3A6      3A6       69         0
                maintext                            4F0      4F0       7F         0
                inittext                             77       77        6         0
                clrtext                              7D       7D        6         0
                cinit                                8B       8B       17         0
                idataBANK0                           83       83        8         0

        CLASS   STRCODE        

        CLASS   ENTRY          

        CLASS   STRING         

        CLASS   BANK0          
                cstackBANK0                          42       42        7         1
                dataBANK0                            3A       3A        8         1
                bssBANK0                             20       20       1A         1

        CLASS   BANK1          

        CLASS   BANK2          

        CLASS   BANK3          

        CLASS   BANK4          

        CLASS   BANK5          

        CLASS   BANK6          

        CLASS   BANK7          

        CLASS   BANK8          

        CLASS   BANK9          

        CLASS   BANK10         

        CLASS   BANK11         

        CLASS   BANK12         

        CLASS   BIGRAM         

        CLASS   RAM            

        CLASS   ABS1           
                abs_s1                               7E       7E        2         1

        CLASS   COMMON         
                cstackCOMMON                         70       70        D         1

        CLASS   SFR0           

        CLASS   SFR1           

        CLASS   SFR2           

        CLASS   SFR3           

        CLASS   SFR4           

        CLASS   SFR5           

        CLASS   SFR6           

        CLASS   SFR7           

        CLASS   SFR8           

        CLASS   SFR9           

        CLASS   SFR10          

        CLASS   SFR11          

        CLASS   SFR12          

        CLASS   SFR13          

        CLASS   SFR14          

        CLASS   SFR15          

        CLASS   SFR16          

        CLASS   SFR17          

        CLASS   SFR18          

        CLASS   SFR19          

        CLASS   SFR20          

        CLASS   SFR21          

        CLASS   SFR22          

        CLASS   SFR23          

        CLASS   SFR24          

        CLASS   SFR25          

        CLASS   SFR26          

        CLASS   SFR27          

        CLASS   SFR28          

        CLASS   SFR29          

        CLASS   SFR30          

        CLASS   SFR31          

        CLASS   CONFIG         
                config                             8007     8007        1         0

        CLASS   IDLOC          

        CLASS   EEDATA         

        CLASS   BANK31         

        CLASS   BANK30         

        CLASS   BANK29         

        CLASS   BANK28         

        CLASS   BANK27         

        CLASS   BANK26         

        CLASS   BANK25         

        CLASS   BANK24         

        CLASS   BANK23         

        CLASS   BANK22         

        CLASS   BANK21         

        CLASS   BANK20         

        CLASS   BANK19         

        CLASS   BANK18         

        CLASS   BANK17         

        CLASS   BANK16         

        CLASS   BANK15         

        CLASS   BANK14         

        CLASS   BANK13         



SEGMENTS        Name                           Load    Length   Top    Selector   Space  Class     Delta

                reset_vec                      000000  000005  000005         0       0  CODE        2
                bssBANK0                       000020  000029  000049        20       1  BANK0       1
                cstackCOMMON                   000070  00000D  00007D        70       1  COMMON      1
                inittext                       000077  000006  00007D        EE       0  CODE        2
                clrtext                        00007D  000006  000083        FA       0  CODE        2
                idataBANK0                     000083  000008  00008B       106       0  CODE        2
                cinit                          00008B  000017  0000A2       116       0  CODE        2
                text425                        0000A2  000019  0000BB       144       0  CODE        2
                text424                        0000BB  000019  0000D4       176       0  CODE        2
                text423                        0000D4  000019  0000ED       1A8       0  CODE        2
                text422                        0000ED  000019  000106       1DA       0  CODE        2
                text435                        000106  000027  00012D       20C       0  CODE        2
                text429                        00012D  000056  000183       25A       0  CODE        2
                text428                        000183  000056  0001D9       306       0  CODE        2
                text427                        0001D9  000056  00022F       3B2       0  CODE        2
                text426                        00022F  000056  000285       45E       0  CODE        2
                text431                        000285  00005F  0002E4       50A       0  CODE        2
                text430                        0002E4  00005F  000343       5C8       0  CODE        2
                text432                        000343  000063  0003A6       686       0  CODE        2
                text420                        0003A6  000069  00040F       74C       0  CODE        2
                text434                        00040F  00006C  00047B       81E       0  CODE        2
                text421                        00047B  000075  0004F0       8F6       0  CODE        2
                maintext                       0004F0  00007F  00056F       9E0       0  CODE        2
                text433                        00056F  000291  000800       ADE       0  CODE        2
                config                         008007  000001  008008     1000E       0  CONFIG      2


UNUSED ADDRESS RANGES

        Name                Unused          Largest block    Delta
        BANK0            00049-0006F              27           1
        BANK1            000A0-000EF              50           1
        BANK10           00520-0056F              50           1
        BANK11           005A0-005EF              50           1
        BANK12           00620-0064F              30           1
        BANK2            00120-0016F              50           1
        BANK3            001A0-001EF              50           1
        BANK4            00220-0026F              50           1
        BANK5            002A0-002EF              50           1
        BANK6            00320-0036F              50           1
        BANK7            003A0-003EF              50           1
        BANK8            00420-0046F              50           1
        BANK9            004A0-004EF              50           1
        BIGRAM           02000-023EF             3F0           1
        CODE             00005-00076              72           2
                         00800-01FFF             800
        COMMON           0007D-0007D               1           1
        CONFIG           08008-08008               1           2
        CONST            00005-00076              72           2
                         00800-01FFF             100
        EEDATA           0F000-0F0FF             100           2
        ENTRY            00005-00076              72           2
                         00800-01FFF             100
        IDLOC            08000-08003               4           2
        RAM              00049-0006F              27           1
                         000A0-000EF              50
                         00120-0016F              50
                         001A0-001EF              50
                         00220-0026F              50
                         002A0-002EF              50
                         00320-0036F              50
                         003A0-003EF              50
                         00420-0046F              50
                         004A0-004EF              50
                         00520-0056F              50
                         005A0-005EF              50
                         00620-0064F              30
        SFR0             00000-0001F              20           1
        SFR1             00080-0009F              20           1
        SFR10            00500-0051F              20           1
        SFR11            00580-0059F              20           1
        SFR12            00600-0061F              20           1
        SFR13            00680-006EF              70           1
        SFR14            00700-0076F              70           1
        SFR15            00780-007EF              70           1
        SFR16            00800-0086F              70           1
        SFR17            00880-008EF              70           1
        SFR18            00900-0096F              70           1
        SFR19            00980-009EF              70           1
        SFR2             00100-0011F              20           1
        SFR20            00A00-00A6F              70           1
        SFR21            00A80-00AEF              70           1
        SFR22            00B00-00B6F              70           1
        SFR23            00B80-00BEF              70           1
        SFR24            00C00-00C6F              70           1
        SFR25            00C80-00CEF              70           1
        SFR26            00D00-00D6F              70           1
        SFR27            00D80-00DEF              70           1
        SFR28            00E00-00E6F              70           1
        SFR29            00E80-00EEF              70           1
        SFR3             00180-0019F              20           1
        SFR30            00F00-00F6F              70           1
        SFR31            00F80-00FEF              70           1
        SFR4             00200-0021F              20           1
        SFR5             00280-0029F              20           1
        SFR6             00300-0031F              20           1
        SFR7             00380-0039F              20           1
        SFR8             00400-0041F              20           1
        SFR9             00480-0049F              20           1
        STRCODE          00005-00076              72           2
                         00800-01FFF            1800
        STRING           00005-00076              72           2
                         00800-01FFF             100

                                  Symbol Table

??___awdiv                cstackCOMMON 00074
??_calculate              cstackCOMMON 00079
??_calibrateGyros         cstackBANK0  00046
??_filter                 cstackCOMMON 00072
??_main                   cstackCOMMON 0007D
??_readAndSet             cstackCOMMON 0007B
??_readChannel1           cstackCOMMON 00079
??_readChannel2           cstackCOMMON 00079
??_readChannel3           cstackCOMMON 00079
??_readChannel4           cstackCOMMON 00079
??_readGyroPitch          cstackCOMMON 0007B
??_readGyroRoll           cstackCOMMON 0007B
??_readGyroYaw            cstackCOMMON 0007B
??_setESC1                cstackCOMMON 00070
??_setESC2                cstackCOMMON 00070
??_setESC3                cstackCOMMON 00070
??_setESC4                cstackCOMMON 00070
?___awdiv                 cstackCOMMON 00070
?_calculate               cstackCOMMON 00070
?_calibrateGyros          cstackCOMMON 00070
?_filter                  cstackCOMMON 00070
?_main                    cstackCOMMON 00070
?_readAndSet              cstackCOMMON 00070
?_readChannel1            cstackCOMMON 00070
?_readChannel2            cstackCOMMON 00070
?_readChannel3            cstackCOMMON 00070
?_readChannel4            cstackCOMMON 00070
?_readGyroPitch           cstackCOMMON 00079
?_readGyroRoll            cstackCOMMON 00079
?_readGyroYaw             cstackCOMMON 00079
?_setESC1                 cstackCOMMON 00070
?_setESC2                 cstackCOMMON 00070
?_setESC3                 cstackCOMMON 00070
?_setESC4                 cstackCOMMON 00070
_ADCON0                   (abs)        0009D
_ADCON1                   (abs)        0009E
_ADON                     (abs)        004E8
_ADRESH                   (abs)        0009C
_ADRESL                   (abs)        0009B
_ANSELA                   (abs)        0018C
_ANSELB                   (abs)        0018D
_ANSELC                   (abs)        0018E
_CARRY                    (abs)        00018
_EEADR                    (abs)        00191
_EECON1                   (abs)        00195
_EECON2                   (abs)        00196
_EEDATA                   (abs)        00193
_FVRCON                   (abs)        00117
_GIE                      (abs)        0005F
_GO_nDONE                 (abs)        004E9
_HFIOFR                   (abs)        004D4
_INTCON                   (abs)        0000B
_IOCBN                    (abs)        00395
_IOCBP                    (abs)        00394
_OPTION_REG               (abs)        00095
_OSCCON                   (abs)        00099
_PR2                      (abs)        0001B
_RB4                      (abs)        0006C
_RB5                      (abs)        0006D
_RB6                      (abs)        0006E
_RB7                      (abs)        0006F
_RC1                      (abs)        00071
_RC2                      (abs)        00072
_RC3                      (abs)        00073
_RC4                      (abs)        00074
_RC5                      (abs)        00075
_RD                       (abs)        00CA8
_T1CON                    (abs)        00018
_T2CON                    (abs)        0001C
_TMR1                     (abs)        00016
_TMR1ON                   (abs)        000C0
_TMR2                     (abs)        0001A
_TMR2IE                   (abs)        00489
_TMR2IF                   (abs)        00089
_TMR2ON                   (abs)        000E2
_TRISA                    (abs)        0008C
_TRISB                    (abs)        0008D
_TRISC                    (abs)        0008E
_WR                       (abs)        00CA9
_WREN                     (abs)        00CAA
__Habs1                   abs1         00000
__Hbank0                  bank0        00000
__Hbank1                  bank1        00000
__Hbank10                 bank10       00000
__Hbank11                 bank11       00000
__Hbank12                 bank12       00000
__Hbank13                 bank13       00000
__Hbank14                 bank14       00000
__Hbank15                 bank15       00000
__Hbank16                 bank16       00000
__Hbank17                 bank17       00000
__Hbank18                 bank18       00000
__Hbank19                 bank19       00000
__Hbank2                  bank2        00000
__Hbank20                 bank20       00000
__Hbank21                 bank21       00000
__Hbank22                 bank22       00000
__Hbank23                 bank23       00000
__Hbank24                 bank24       00000
__Hbank25                 bank25       00000
__Hbank26                 bank26       00000
__Hbank27                 bank27       00000
__Hbank28                 bank28       00000
__Hbank29                 bank29       00000
__Hbank3                  bank3        00000
__Hbank30                 bank30       00000
__Hbank31                 bank31       00000
__Hbank4                  bank4        00000
__Hbank5                  bank5        00000
__Hbank6                  bank6        00000
__Hbank7                  bank7        00000
__Hbank8                  bank8        00000
__Hbank9                  bank9        00000
__Hbigram                 bigram       00000
__HbssBANK0               bssBANK0     00000
__Hcinit                  cinit        00000
__Hclrtext                clrtext      00000
__Hcode                   code         00000
__Hcommon                 common       00000
__Hconfig                 config       08008
__HcstackBANK0            cstackBANK0  00000
__HcstackCOMMON           cstackCOMMON 00000
__HdataBANK0              dataBANK0    00000
__Heeprom_data            eeprom_data  00000
__Hend_init               end_init     00005
__Hfunctab                functab      00000
__HidataBANK0             idataBANK0   00000
__Hidloc                  idloc        00000
__Hinit                   init         00002
__Hinittext               inittext     00000
__Hintentry               intentry     00002
__Hmaintext               maintext     00000
__Hpowerup                powerup      00000
__Hram                    ram          00000
__Hreset_vec              reset_vec    00002
__Hsfr0                   sfr0         00000
__Hsfr1                   sfr1         00000
__Hsfr10                  sfr10        00000
__Hsfr11                  sfr11        00000
__Hsfr12                  sfr12        00000
__Hsfr13                  sfr13        00000
__Hsfr14                  sfr14        00000
__Hsfr15                  sfr15        00000
__Hsfr16                  sfr16        00000
__Hsfr17                  sfr17        00000
__Hsfr18                  sfr18        00000
__Hsfr19                  sfr19        00000
__Hsfr2                   sfr2         00000
__Hsfr20                  sfr20        00000
__Hsfr21                  sfr21        00000
__Hsfr22                  sfr22        00000
__Hsfr23                  sfr23        00000
__Hsfr24                  sfr24        00000
__Hsfr25                  sfr25        00000
__Hsfr26                  sfr26        00000
__Hsfr27                  sfr27        00000
__Hsfr28                  sfr28        00000
__Hsfr29                  sfr29        00000
__Hsfr3                   sfr3         00000
__Hsfr30                  sfr30        00000
__Hsfr31                  sfr31        00000
__Hsfr4                   sfr4         00000
__Hsfr5                   sfr5         00000
__Hsfr6                   sfr6         00000
__Hsfr7                   sfr7         00000
__Hsfr8                   sfr8         00000
__Hsfr9                   sfr9         00000
__Hstrings                strings      00000
__Htext                   text         00000
__Labs1                   abs1         00000
__Lbank0                  bank0        00000
__Lbank1                  bank1        00000
__Lbank10                 bank10       00000
__Lbank11                 bank11       00000
__Lbank12                 bank12       00000
__Lbank13                 bank13       00000
__Lbank14                 bank14       00000
__Lbank15                 bank15       00000
__Lbank16                 bank16       00000
__Lbank17                 bank17       00000
__Lbank18                 bank18       00000
__Lbank19                 bank19       00000
__Lbank2                  bank2        00000
__Lbank20                 bank20       00000
__Lbank21                 bank21       00000
__Lbank22                 bank22       00000
__Lbank23                 bank23       00000
__Lbank24                 bank24       00000
__Lbank25                 bank25       00000
__Lbank26                 bank26       00000
__Lbank27                 bank27       00000
__Lbank28                 bank28       00000
__Lbank29                 bank29       00000
__Lbank3                  bank3        00000
__Lbank30                 bank30       00000
__Lbank31                 bank31       00000
__Lbank4                  bank4        00000
__Lbank5                  bank5        00000
__Lbank6                  bank6        00000
__Lbank7                  bank7        00000
__Lbank8                  bank8        00000
__Lbank9                  bank9        00000
__Lbigram                 bigram       00000
__LbssBANK0               bssBANK0     00000
__Lcinit                  cinit        00000
__Lclrtext                clrtext      00000
__Lcode                   code         00000
__Lcommon                 common       00000
__Lconfig                 config       08007
__LcstackBANK0            cstackBANK0  00000
__LcstackCOMMON           cstackCOMMON 00000
__LdataBANK0              dataBANK0    00000
__Leeprom_data            eeprom_data  00000
__Lend_init               end_init     00002
__Lfunctab                functab      00000
__LidataBANK0             idataBANK0   00000
__Lidloc                  idloc        00000
__Linit                   init         00002
__Linittext               inittext     00000
__Lintentry               intentry     00002
__Lmaintext               maintext     00000
__Lpowerup                powerup      00000
__Lram                    ram          00000
__Lreset_vec              reset_vec    00000
__Lsfr0                   sfr0         00000
__Lsfr1                   sfr1         00000
__Lsfr10                  sfr10        00000
__Lsfr11                  sfr11        00000
__Lsfr12                  sfr12        00000
__Lsfr13                  sfr13        00000
__Lsfr14                  sfr14        00000
__Lsfr15                  sfr15        00000
__Lsfr16                  sfr16        00000
__Lsfr17                  sfr17        00000
__Lsfr18                  sfr18        00000
__Lsfr19                  sfr19        00000
__Lsfr2                   sfr2         00000
__Lsfr20                  sfr20        00000
__Lsfr21                  sfr21        00000
__Lsfr22                  sfr22        00000
__Lsfr23                  sfr23        00000
__Lsfr24                  sfr24        00000
__Lsfr25                  sfr25        00000
__Lsfr26                  sfr26        00000
__Lsfr27                  sfr27        00000
__Lsfr28                  sfr28        00000
__Lsfr29                  sfr29        00000
__Lsfr3                   sfr3         00000
__Lsfr30                  sfr30        00000
__Lsfr31                  sfr31        00000
__Lsfr4                   sfr4         00000
__Lsfr5                   sfr5         00000
__Lsfr6                   sfr6         00000
__Lsfr7                   sfr7         00000
__Lsfr8                   sfr8         00000
__Lsfr9                   sfr9         00000
__Lstrings                strings      00000
__Ltext                   text         00000
__S0                      (abs)        08008
__S1                      (abs)        0007D
__S2                      (abs)        00000
___awdiv                  text434      0040F
___awdiv@counter          cstackCOMMON 00075
___awdiv@dividend         cstackCOMMON 00072
___awdiv@divisor          cstackCOMMON 00070
___awdiv@quotient         cstackCOMMON 00077
___awdiv@sign             cstackCOMMON 00076
__end_of___awdiv          text434      0047B
__end_of_calculate        text433      00800
__end_of_calibrateGyros   text421      004F0
__end_of_filter           text435      0012D
__end_of_main             maintext     0056F
__end_of_readAndSet       text420      0040F
__end_of_readChannel1     text429      00183
__end_of_readChannel2     text428      001D9
__end_of_readChannel3     text427      0022F
__end_of_readChannel4     text426      00285
__end_of_readGyroPitch    text432      003A6
__end_of_readGyroRoll     text431      002E4
__end_of_readGyroYaw      text430      00343
__end_of_setESC1          text425      000BB
__end_of_setESC2          text424      000D4
__end_of_setESC3          text423      000ED
__end_of_setESC4          text422      00106
__pbssBANK0               bssBANK0     00020
__pcstackBANK0            cstackBANK0  00042
__pcstackCOMMON           cstackCOMMON 00070
__pdataBANK0              dataBANK0    0003A
__pidataBANK0             idataBANK0   00083
__pmaintext               maintext     004F0
__ptext420                text420      003A6
__ptext421                text421      0047B
__ptext422                text422      000ED
__ptext423                text423      000D4
__ptext424                text424      000BB
__ptext425                text425      000A2
__ptext426                text426      0022F
__ptext427                text427      001D9
__ptext428                text428      00183
__ptext429                text429      0012D
__ptext430                text430      002E4
__ptext431                text431      00285
__ptext432                text432      00343
__ptext433                text433      0056F
__ptext434                text434      0040F
__ptext435                text435      00106
__ptext436                text436      00000
__size_of___awdiv         (abs)        00000
__size_of_calculate       (abs)        00000
__size_of_calibrateGyros  (abs)        00000
__size_of_filter          (abs)        00000
__size_of_main            (abs)        00000
__size_of_readAndSet      (abs)        00000
__size_of_readChannel1    (abs)        00000
__size_of_readChannel2    (abs)        00000
__size_of_readChannel3    (abs)        00000
__size_of_readChannel4    (abs)        00000
__size_of_readGyroPitch   (abs)        00000
__size_of_readGyroRoll    (abs)        00000
__size_of_readGyroYaw     (abs)        00000
__size_of_setESC1         (abs)        00000
__size_of_setESC2         (abs)        00000
__size_of_setESC3         (abs)        00000
__size_of_setESC4         (abs)        00000
_calculate                text433      0056F
_calibrateGyros           text421      0047B
_exit                     init         00002
_filter                   text435      00106
_fl_exit                  bssBANK0     00020
_gyroReadNumber           bssBANK0     00022
_inputControl1            bssBANK0     00036
_inputControl2            bssBANK0     00037
_inputControl3            bssBANK0     00038
_inputControl4            bssBANK0     00039
_main                     maintext     004F0
_motor1                   dataBANK0    0003A
_motor2                   dataBANK0    0003C
_motor3                   dataBANK0    0003E
_motor4                   dataBANK0    00040
_pitch                    bssBANK0     00024
_pitchAux                 bssBANK0     00026
_readAndSet               text420      003A6
_readChannel1             text429      0012D
_readChannel2             text428      00183
_readChannel3             text427      001D9
_readChannel4             text426      0022F
_readGyroPitch            text432      00343
_readGyroRoll             text431      00285
_readGyroYaw              text430      002E4
_roll                     bssBANK0     00028
_rollAux                  bssBANK0     0002A
_setESC1                  text425      000A2
_setESC2                  text424      000BB
_setESC3                  text423      000D4
_setESC4                  text422      000ED
_yaw                      bssBANK0     0002C
_yawAux                   bssBANK0     0002E
_zeroGyroPitch            bssBANK0     00030
_zeroGyroRoll             bssBANK0     00032
_zeroGyroYaw              bssBANK0     00034
btemp                     (abs)        0007E
calculate@pitchAux        cstackBANK0  00042
calculate@rollAux         cstackBANK0  00044
calculate@yawAux          cstackBANK0  00046
clear_ram                 clrtext      0007D
end_of_initialization     cinit        0009F
filter@duration           cstackCOMMON 00070
init_ram                  inittext     00077
intlevel0                 functab      00000
intlevel1                 functab      00000
intlevel2                 functab      00000
intlevel3                 functab      00000
intlevel4                 functab      00000
intlevel5                 functab      00000
readChannel1@duration     cstackCOMMON 00079
readChannel2@duration     cstackCOMMON 00079
readChannel3@duration     cstackCOMMON 00079
readChannel4@duration     cstackCOMMON 00079
readGyroPitch@calibration cstackCOMMON 00079
readGyroPitch@test        cstackBANK0  00042
readGyroPitch@voltage     cstackBANK0  00044
readGyroRoll@calibration  cstackCOMMON 00079
readGyroRoll@voltage      cstackBANK0  00042
readGyroYaw@calibration   cstackCOMMON 00079
readGyroYaw@voltage       cstackBANK0  00042
reset_vec                 reset_vec    00000
setESC1@duration          cstackCOMMON 00072
setESC2@duration          cstackCOMMON 00072
setESC3@duration          cstackCOMMON 00072
setESC4@duration          cstackCOMMON 00072
start                     init         00002
start_initialization      cinit        0008B
wtemp0                    (abs)        0007E
